[Train] Device: cuda
[Train] Split: train_4city_paper_balanced, Epochs: 50, Batch: 64
[Train] Loading pre-extracted cache: /media/skr/storage/autoresearch/CarPlanner_Implementation/checkpoints/stage_cache_train_4city_paper_balanced.pt
[PreextractedDataset] Loading /media/skr/storage/autoresearch/CarPlanner_Implementation/checkpoints/stage_cache_train_4city_paper_balanced.pt...
[PreextractedDataset] 144983 samples loaded in 3.0s
[Train] Cache loaded: 144983 samples, 2266 batches
[Train] Parameters: 7,503,568
[Train] Loading val14 cache to GPU: /media/skr/storage/autoresearch/CarPlanner_Implementation/checkpoints/stage_cache_val14.pt
[Train] Val (val14): 1116 samples on GPU
[Train] Checkpoints → /media/skr/storage/autoresearch/CarPlanner_Implementation/checkpoints/stage_b_20260427_170532
  Epoch 1/50  [453/2266]  L_total=16.1051  L_CE=2.3533  L_gen=5.9273
  Epoch 1/50  [906/2266]  L_total=9.6027  L_CE=1.8042  L_gen=3.8952
  Epoch 1/50  [1359/2266]  L_total=9.6889  L_CE=1.7480  L_gen=3.8725
  Epoch 1/50  [1812/2266]  L_total=8.9489  L_CE=1.7896  L_gen=3.3411
  Epoch 1/50  [2265/2266]  L_total=7.5954  L_CE=1.7790  L_gen=2.5691
Epoch 1/50  train=12.4767  val=9.3629  L_CE=1.6655  L_side=4.3684  L_gen=3.3290  lr=1.00e-04  (223.2s)  top1=45.97%  top5=85.75%  L_sel=1.663  lat=20.17%  lon=34.27%  area=0.309
  * New best (val)   L_total=9.3629 → /media/skr/storage/autoresearch/CarPlanner_Implementation/checkpoints/stage_b_20260427_170532/stage_b_best.pt
  * New best (train) L_total=12.4767 → /media/skr/storage/autoresearch/CarPlanner_Implementation/checkpoints/stage_b_20260427_170532/stage_b_best_train.pt
  Epoch 2/50  [453/2266]  L_total=9.4550  L_CE=1.8007  L_gen=3.4553
  Epoch 2/50  [906/2266]  L_total=7.7041  L_CE=1.4740  L_gen=2.5420
  Epoch 2/50  [1359/2266]  L_total=7.1826  L_CE=1.5378  L_gen=2.2125
  Epoch 2/50  [1812/2266]  L_total=7.8628  L_CE=1.5475  L_gen=2.3827
  Epoch 2/50  [2265/2266]  L_total=7.6057  L_CE=1.3858  L_gen=2.4885
Epoch 2/50  train=8.2762  val=7.7393  L_CE=1.4966  L_side=3.7901  L_gen=2.4526  lr=1.00e-04  (223.8s)  top1=47.85%  top5=88.62%  L_sel=1.491  lat=20.10%  lon=37.51%  area=0.331
  * New best (val)   L_total=7.7393 → /media/skr/storage/autoresearch/CarPlanner_Implementation/checkpoints/stage_b_20260427_170532/stage_b_best.pt
  * New best (train) L_total=8.2762 → /media/skr/storage/autoresearch/CarPlanner_Implementation/checkpoints/stage_b_20260427_170532/stage_b_best_train.pt
  Epoch 3/50  [453/2266]  L_total=7.4283  L_CE=1.5580  L_gen=2.5549
  Epoch 3/50  [906/2266]  L_total=6.8559  L_CE=1.3945  L_gen=1.9194
  Epoch 3/50  [1359/2266]  L_total=7.1817  L_CE=1.2270  L_gen=2.0115
  Epoch 3/50  [1812/2266]  L_total=6.6443  L_CE=1.3852  L_gen=1.9888
  Epoch 3/50  [2265/2266]  L_total=6.9066  L_CE=1.4535  L_gen=2.0593
Epoch 3/50  train=7.5270  val=7.5885  L_CE=1.4895  L_side=3.5791  L_gen=2.5199  lr=1.00e-04  (221.9s)  top1=48.66%  top5=88.62%  L_sel=1.484  lat=20.04%  lon=32.72%  area=0.302
  * New best (val)   L_total=7.5885 → /media/skr/storage/autoresearch/CarPlanner_Implementation/checkpoints/stage_b_20260427_170532/stage_b_best.pt
  * New best (train) L_total=7.5270 → /media/skr/storage/autoresearch/CarPlanner_Implementation/checkpoints/stage_b_20260427_170532/stage_b_best_train.pt
  Epoch 4/50  [453/2266]  L_total=7.3723  L_CE=1.8013  L_gen=2.1400
  Epoch 4/50  [906/2266]  L_total=6.9054  L_CE=1.3782  L_gen=2.0694
  Epoch 4/50  [1359/2266]  L_total=6.4261  L_CE=1.3224  L_gen=1.9530
  Epoch 4/50  [1812/2266]  L_total=8.0043  L_CE=1.5043  L_gen=2.9786
  Epoch 4/50  [2265/2266]  L_total=5.6413  L_CE=1.6499  L_gen=1.5591
Epoch 4/50  train=7.0136  val=7.1865  L_CE=1.4485  L_side=3.3393  L_gen=2.3987  lr=1.00e-04  (221.9s)  top1=50.27%  top5=89.16%  L_sel=1.443  lat=20.05%  lon=37.26%  area=0.305
  * New best (val)   L_total=7.1865 → /media/skr/storage/autoresearch/CarPlanner_Implementation/checkpoints/stage_b_20260427_170532/stage_b_best.pt
  * New best (train) L_total=7.0136 → /media/skr/storage/autoresearch/CarPlanner_Implementation/checkpoints/stage_b_20260427_170532/stage_b_best_train.pt
  Epoch 5/50  [453/2266]  L_total=8.2539  L_CE=1.5697  L_gen=3.3452
  Epoch 5/50  [906/2266]  L_total=7.0279  L_CE=1.5191  L_gen=2.1066
  Epoch 5/50  [1359/2266]  L_total=6.4328  L_CE=1.3983  L_gen=1.7272
  Epoch 5/50  [1812/2266]  L_total=6.1406  L_CE=1.2237  L_gen=1.5735
  Epoch 5/50  [2265/2266]  L_total=7.0219  L_CE=1.6719  L_gen=2.1540
Epoch 5/50  train=6.6770  val=6.8601  L_CE=1.4321  L_side=3.2862  L_gen=2.1419  lr=1.00e-04  (221.8s)  top1=50.72%  top5=90.23%  L_sel=1.430  lat=20.19%  lon=40.24%  area=0.307
  * New best (val)   L_total=6.8601 → /media/skr/storage/autoresearch/CarPlanner_Implementation/checkpoints/stage_b_20260427_170532/stage_b_best.pt
  * New best (train) L_total=6.6770 → /media/skr/storage/autoresearch/CarPlanner_Implementation/checkpoints/stage_b_20260427_170532/stage_b_best_train.pt
  Epoch 6/50  [453/2266]  L_total=7.1324  L_CE=1.3672  L_gen=2.3842
  Epoch 6/50  [906/2266]  L_total=6.4261  L_CE=1.5337  L_gen=1.8843
  Epoch 6/50  [1359/2266]  L_total=7.9289  L_CE=1.6074  L_gen=1.8334
  Epoch 6/50  [1812/2266]  L_total=6.6086  L_CE=1.2830  L_gen=2.1712
  Epoch 6/50  [2265/2266]  L_total=6.4438  L_CE=1.3532  L_gen=1.6537
Epoch 6/50  train=6.4564  val=6.7189  L_CE=1.3550  L_side=3.1644  L_gen=2.1994  lr=1.00e-04  (221.9s)  top1=53.14%  top5=91.22%  L_sel=1.351  lat=20.14%  lon=36.89%  area=0.302
  * New best (val)   L_total=6.7189 → /media/skr/storage/autoresearch/CarPlanner_Implementation/checkpoints/stage_b_20260427_170532/stage_b_best.pt
  * New best (train) L_total=6.4564 → /media/skr/storage/autoresearch/CarPlanner_Implementation/checkpoints/stage_b_20260427_170532/stage_b_best_train.pt
  Epoch 7/50  [453/2266]  L_total=7.4217  L_CE=1.4240  L_gen=1.5896
  Epoch 7/50  [906/2266]  L_total=6.1063  L_CE=1.1530  L_gen=1.8354
  Epoch 7/50  [1359/2266]  L_total=5.0527  L_CE=1.0480  L_gen=1.3662
  Epoch 7/50  [1812/2266]  L_total=6.6762  L_CE=1.2098  L_gen=2.3415
  Epoch 7/50  [2265/2266]  L_total=5.9002  L_CE=1.2099  L_gen=1.4351
Epoch 7/50  train=6.2375  val=6.5147  L_CE=1.4631  L_side=3.0247  L_gen=2.0268  lr=1.00e-04  (221.6s)  top1=52.60%  top5=87.99%  L_sel=1.460  lat=20.14%  lon=34.92%  area=0.300
  * New best (val)   L_total=6.5147 → /media/skr/storage/autoresearch/CarPlanner_Implementation/checkpoints/stage_b_20260427_170532/stage_b_best.pt
  * New best (train) L_total=6.2375 → /media/skr/storage/autoresearch/CarPlanner_Implementation/checkpoints/stage_b_20260427_170532/stage_b_best_train.pt
  Epoch 8/50  [453/2266]  L_total=5.6985  L_CE=1.0759  L_gen=1.4619
  Epoch 8/50  [906/2266]  L_total=5.7388  L_CE=1.3611  L_gen=1.6914
  Epoch 8/50  [1359/2266]  L_total=6.2697  L_CE=1.3656  L_gen=1.4674
  Epoch 8/50  [1812/2266]  L_total=6.0699  L_CE=1.3226  L_gen=1.5818
  Epoch 8/50  [2265/2266]  L_total=5.7963  L_CE=1.5501  L_gen=1.5286
Epoch 8/50  train=6.0636  val=6.5486  L_CE=1.4347  L_side=2.9841  L_gen=2.1298  lr=1.00e-04  (221.6s)  top1=52.42%  top5=89.43%  L_sel=1.430  lat=20.09%  lon=39.63%  area=0.302
  * New best (train) L_total=6.0636 → /media/skr/storage/autoresearch/CarPlanner_Implementation/checkpoints/stage_b_20260427_170532/stage_b_best_train.pt
  Epoch 9/50  [453/2266]  L_total=6.1161  L_CE=1.1759  L_gen=1.8178
  Epoch 9/50  [906/2266]  L_total=5.2890  L_CE=0.9558  L_gen=1.5069
  Epoch 9/50  [1359/2266]  L_total=4.9960  L_CE=0.9664  L_gen=1.2656
  Epoch 9/50  [1812/2266]  L_total=5.1774  L_CE=1.2863  L_gen=1.4116
  Epoch 9/50  [2265/2266]  L_total=4.9982  L_CE=1.2109  L_gen=1.2309
Epoch 9/50  train=5.6540  val=6.2050  L_CE=1.3995  L_side=2.8888  L_gen=1.9167  lr=3.00e-05  (221.6s)  top1=52.87%  top5=89.96%  L_sel=1.395  lat=20.19%  lon=44.10%  area=0.305
  * New best (val)   L_total=6.2050 → /media/skr/storage/autoresearch/CarPlanner_Implementation/checkpoints/stage_b_20260427_170532/stage_b_best.pt
  * New best (train) L_total=5.6540 → /media/skr/storage/autoresearch/CarPlanner_Implementation/checkpoints/stage_b_20260427_170532/stage_b_best_train.pt
  Epoch 10/50  [453/2266]  L_total=5.3697  L_CE=1.3200  L_gen=1.5364
  Epoch 10/50  [906/2266]  L_total=4.4968  L_CE=1.2488  L_gen=1.1554
  Epoch 10/50  [1359/2266]  L_total=5.2101  L_CE=1.2459  L_gen=1.3658
  Epoch 10/50  [1812/2266]  L_total=5.5320  L_CE=1.2502  L_gen=1.4182
  Epoch 10/50  [2265/2266]  L_total=4.9340  L_CE=1.3845  L_gen=1.2992
Epoch 10/50  train=5.5601  val=6.1551  L_CE=1.3453  L_side=2.8778  L_gen=1.9320  lr=3.00e-05  (221.7s)  top1=56.00%  top5=91.49%  L_sel=1.345  lat=20.17%  lon=40.61%  area=0.312
  * New best (val)   L_total=6.1551 → /media/skr/storage/autoresearch/CarPlanner_Implementation/checkpoints/stage_b_20260427_170532/stage_b_best.pt
  * New best (train) L_total=5.5601 → /media/skr/storage/autoresearch/CarPlanner_Implementation/checkpoints/stage_b_20260427_170532/stage_b_best_train.pt
  Epoch 11/50  [453/2266]  L_total=5.6816  L_CE=1.1691  L_gen=1.5476
  Epoch 11/50  [906/2266]  L_total=5.4589  L_CE=1.0347  L_gen=1.6143
  Epoch 11/50  [1359/2266]  L_total=5.4872  L_CE=1.3238  L_gen=1.2216
  Epoch 11/50  [1812/2266]  L_total=5.3948  L_CE=1.3008  L_gen=1.4156
  Epoch 11/50  [2265/2266]  L_total=5.4000  L_CE=1.0715  L_gen=1.4227
Epoch 11/50  train=5.4774  val=6.0392  L_CE=1.4144  L_side=2.8314  L_gen=1.7933  lr=3.00e-05  (221.7s)  top1=55.11%  top5=89.52%  L_sel=1.411  lat=20.21%  lon=40.77%  area=0.311
  * New best (val)   L_total=6.0392 → /media/skr/storage/autoresearch/CarPlanner_Implementation/checkpoints/stage_b_20260427_170532/stage_b_best.pt
  * New best (train) L_total=5.4774 → /media/skr/storage/autoresearch/CarPlanner_Implementation/checkpoints/stage_b_20260427_170532/stage_b_best_train.pt
  Epoch 12/50  [453/2266]  L_total=5.9445  L_CE=1.4700  L_gen=1.6964
  Epoch 12/50  [906/2266]  L_total=5.4412  L_CE=1.2049  L_gen=1.4492
  Epoch 12/50  [1359/2266]  L_total=5.7556  L_CE=1.2012  L_gen=1.6228
  Epoch 12/50  [1812/2266]  L_total=5.6769  L_CE=1.1389  L_gen=1.4838
  Epoch 12/50  [2265/2266]  L_total=5.6242  L_CE=0.9525  L_gen=1.5546
Epoch 12/50  train=5.4188  val=6.1427  L_CE=1.3519  L_side=2.8288  L_gen=1.9620  lr=3.00e-05  (221.8s)  top1=56.54%  top5=91.49%  L_sel=1.351  lat=20.19%  lon=35.03%  area=0.300
  * New best (train) L_total=5.4188 → /media/skr/storage/autoresearch/CarPlanner_Implementation/checkpoints/stage_b_20260427_170532/stage_b_best_train.pt
  Epoch 13/50  [453/2266]  L_total=5.1646  L_CE=1.1087  L_gen=1.2359
  Epoch 13/50  [906/2266]  L_total=5.0299  L_CE=1.4023  L_gen=1.1295
  Epoch 13/50  [1359/2266]  L_total=4.5515  L_CE=1.0869  L_gen=0.9327
  Epoch 13/50  [1812/2266]  L_total=5.7878  L_CE=1.1683  L_gen=1.2961
  Epoch 13/50  [2265/2266]  L_total=4.8725  L_CE=1.1822  L_gen=1.0581
Epoch 13/50  train=5.3032  val=6.0045  L_CE=1.3415  L_side=2.8181  L_gen=1.8449  lr=9.00e-06  (221.6s)  top1=56.00%  top5=91.22%  L_sel=1.341  lat=20.21%  lon=41.94%  area=0.311
  * New best (val)   L_total=6.0045 → /media/skr/storage/autoresearch/CarPlanner_Implementation/checkpoints/stage_b_20260427_170532/stage_b_best.pt
  * New best (train) L_total=5.3032 → /media/skr/storage/autoresearch/CarPlanner_Implementation/checkpoints/stage_b_20260427_170532/stage_b_best_train.pt
  Epoch 14/50  [453/2266]  L_total=5.2984  L_CE=0.9789  L_gen=1.3206
  Epoch 14/50  [906/2266]  L_total=5.1347  L_CE=1.2562  L_gen=1.3826
  Epoch 14/50  [1359/2266]  L_total=5.8211  L_CE=1.3786  L_gen=1.5045
  Epoch 14/50  [1812/2266]  L_total=5.0952  L_CE=1.2139  L_gen=1.1012
  Epoch 14/50  [2265/2266]  L_total=4.2412  L_CE=0.8851  L_gen=1.0685
Epoch 14/50  train=5.2671  val=6.0836  L_CE=1.3999  L_side=2.8071  L_gen=1.8765  lr=9.00e-06  (221.6s)  top1=55.65%  top5=90.14%  L_sel=1.400  lat=20.20%  lon=47.12%  area=0.312
  * New best (train) L_total=5.2671 → /media/skr/storage/autoresearch/CarPlanner_Implementation/checkpoints/stage_b_20260427_170532/stage_b_best_train.pt
  Epoch 15/50  [453/2266]  L_total=5.1506  L_CE=1.3437  L_gen=1.1220
  Epoch 15/50  [906/2266]  L_total=5.7689  L_CE=1.4592  L_gen=1.4275
  Epoch 15/50  [1359/2266]  L_total=4.8865  L_CE=0.9485  L_gen=1.1395
  Epoch 15/50  [1812/2266]  L_total=5.9317  L_CE=1.0036  L_gen=1.2302
  Epoch 15/50  [2265/2266]  L_total=6.2211  L_CE=1.0102  L_gen=2.0194
Epoch 15/50  train=5.2027  val=5.9948  L_CE=1.3630  L_side=2.8020  L_gen=1.8298  lr=2.70e-06  (221.6s)  top1=56.18%  top5=90.32%  L_sel=1.363  lat=20.16%  lon=44.45%  area=0.313
  * New best (val)   L_total=5.9948 → /media/skr/storage/autoresearch/CarPlanner_Implementation/checkpoints/stage_b_20260427_170532/stage_b_best.pt
  * New best (train) L_total=5.2027 → /media/skr/storage/autoresearch/CarPlanner_Implementation/checkpoints/stage_b_20260427_170532/stage_b_best_train.pt
  Epoch 16/50  [453/2266]  L_total=4.6490  L_CE=1.3579  L_gen=1.2008
  Epoch 16/50  [906/2266]  L_total=5.0561  L_CE=1.1626  L_gen=1.1353
  Epoch 16/50  [1359/2266]  L_total=5.3495  L_CE=1.1762  L_gen=1.0069
  Epoch 16/50  [1812/2266]  L_total=5.3528  L_CE=1.2295  L_gen=1.3454
  Epoch 16/50  [2265/2266]  L_total=5.4734  L_CE=1.2830  L_gen=1.1344
Epoch 16/50  train=5.2014  val=6.0127  L_CE=1.3782  L_side=2.8004  L_gen=1.8340  lr=2.70e-06  (221.5s)  top1=55.38%  top5=89.87%  L_sel=1.378  lat=20.22%  lon=43.42%  area=0.313
  * New best (train) L_total=5.2014 → /media/skr/storage/autoresearch/CarPlanner_Implementation/checkpoints/stage_b_20260427_170532/stage_b_best_train.pt
  Epoch 17/50  [453/2266]  L_total=5.5289  L_CE=1.2022  L_gen=1.4251
  Epoch 17/50  [906/2266]  L_total=5.0311  L_CE=1.3535  L_gen=1.0561
  Epoch 17/50  [1359/2266]  L_total=6.5441  L_CE=1.0853  L_gen=1.5323
  Epoch 17/50  [1812/2266]  L_total=5.1363  L_CE=1.0304  L_gen=1.1878
  Epoch 17/50  [2265/2266]  L_total=5.9784  L_CE=1.1540  L_gen=1.3677
Epoch 17/50  train=5.1665  val=6.0044  L_CE=1.3744  L_side=2.7972  L_gen=1.8328  lr=8.10e-07  (221.8s)  top1=55.91%  top5=90.14%  L_sel=1.374  lat=20.19%  lon=44.18%  area=0.314
  * New best (train) L_total=5.1665 → /media/skr/storage/autoresearch/CarPlanner_Implementation/checkpoints/stage_b_20260427_170532/stage_b_best_train.pt
  Epoch 18/50  [453/2266]  L_total=4.5755  L_CE=0.9038  L_gen=1.1206
  Epoch 18/50  [906/2266]  L_total=4.8175  L_CE=1.2440  L_gen=1.1008
  Epoch 18/50  [1359/2266]  L_total=4.2753  L_CE=1.0670  L_gen=0.8671
  Epoch 18/50  [1812/2266]  L_total=5.0219  L_CE=1.0905  L_gen=1.1711
  Epoch 18/50  [2265/2266]  L_total=4.8335  L_CE=1.2313  L_gen=1.0233
Epoch 18/50  train=5.1814  val=6.0052  L_CE=1.3748  L_side=2.7965  L_gen=1.8339  lr=2.43e-07  (221.6s)  top1=56.27%  top5=90.32%  L_sel=1.375  lat=20.21%  lon=43.99%  area=0.314
  Epoch 19/50  [453/2266]  L_total=3.9989  L_CE=0.9431  L_gen=0.8088
  Epoch 19/50  [906/2266]  L_total=5.8439  L_CE=1.0233  L_gen=1.2676
  Epoch 19/50  [1359/2266]  L_total=5.3893  L_CE=1.0960  L_gen=1.2596
  Epoch 19/50  [1812/2266]  L_total=5.6993  L_CE=0.9066  L_gen=1.1490
  Epoch 19/50  [2265/2266]  L_total=5.7154  L_CE=1.1737  L_gen=1.2228
Epoch 19/50  train=5.1715  val=5.9901  L_CE=1.3720  L_side=2.7953  L_gen=1.8229  lr=7.29e-08  (221.5s)  top1=56.18%  top5=90.50%  L_sel=1.372  lat=20.20%  lon=44.23%  area=0.314
  * New best (val)   L_total=5.9901 → /media/skr/storage/autoresearch/CarPlanner_Implementation/checkpoints/stage_b_20260427_170532/stage_b_best.pt
  Epoch 20/50  [453/2266]  L_total=4.6157  L_CE=1.2998  L_gen=0.9068
  Epoch 20/50  [906/2266]  L_total=4.9790  L_CE=1.1236  L_gen=1.1032
  Epoch 20/50  [1359/2266]  L_total=4.6964  L_CE=1.2045  L_gen=1.0317
  Epoch 20/50  [1812/2266]  L_total=5.2657  L_CE=1.1410  L_gen=1.0070
  Epoch 20/50  [2265/2266]  L_total=4.8377  L_CE=1.2238  L_gen=1.2986
Epoch 20/50  train=5.1733  val=5.9967  L_CE=1.3718  L_side=2.7950  L_gen=1.8300  lr=7.29e-08  (221.7s)  top1=56.27%  top5=90.32%  L_sel=1.372  lat=20.21%  lon=44.07%  area=0.314
  Epoch 21/50  [453/2266]  L_total=4.7656  L_CE=1.2403  L_gen=1.0951
  Epoch 21/50  [906/2266]  L_total=4.9199  L_CE=1.0938  L_gen=1.0837
  Epoch 21/50  [1359/2266]  L_total=5.0348  L_CE=1.3195  L_gen=0.9536
  Epoch 21/50  [1812/2266]  L_total=4.6202  L_CE=0.9998  L_gen=1.0571
  Epoch 21/50  [2265/2266]  L_total=5.2325  L_CE=1.2768  L_gen=1.1620
Epoch 21/50  train=5.1770  val=5.9956  L_CE=1.3720  L_side=2.7956  L_gen=1.8280  lr=2.19e-08  (221.7s)  top1=56.00%  top5=90.41%  L_sel=1.372  lat=20.21%  lon=44.08%  area=0.314
  Epoch 22/50  [453/2266]  L_total=5.3635  L_CE=1.0794  L_gen=1.3883
  Epoch 22/50  [906/2266]  L_total=5.5954  L_CE=1.0351  L_gen=1.2612
  Epoch 22/50  [1359/2266]  L_total=5.6528  L_CE=1.1668  L_gen=1.3364
  Epoch 22/50  [1812/2266]  L_total=6.0613  L_CE=1.3179  L_gen=1.5752
  Epoch 22/50  [2265/2266]  L_total=4.1450  L_CE=1.0346  L_gen=0.9708
Epoch 22/50  train=5.1804  val=5.9929  L_CE=1.3722  L_side=2.7953  L_gen=1.8254  lr=6.56e-09  (221.7s)  top1=55.91%  top5=90.50%  L_sel=1.372  lat=20.22%  lon=44.10%  area=0.314
  Epoch 23/50  [453/2266]  L_total=4.1947  L_CE=0.9736  L_gen=1.0987
  Epoch 23/50  [906/2266]  L_total=5.7336  L_CE=1.1921  L_gen=1.3485
  Epoch 23/50  [1359/2266]  L_total=4.7155  L_CE=0.8789  L_gen=1.1654
  Epoch 23/50  [1812/2266]  L_total=4.1442  L_CE=1.0551  L_gen=0.8312
  Epoch 23/50  [2265/2266]  L_total=4.4449  L_CE=1.0630  L_gen=0.9519
Epoch 23/50  train=5.1811  val=5.9917  L_CE=1.3721  L_side=2.7953  L_gen=1.8243  lr=6.56e-09  (221.7s)  top1=56.18%  top5=90.32%  L_sel=1.372  lat=20.19%  lon=44.08%  area=0.314
  Epoch 24/50  [453/2266]  L_total=5.9664  L_CE=1.2624  L_gen=1.4518
  Epoch 24/50  [906/2266]  L_total=6.3635  L_CE=1.0220  L_gen=1.7884
  Epoch 24/50  [1359/2266]  L_total=5.4454  L_CE=1.4530  L_gen=1.3546
  Epoch 24/50  [1812/2266]  L_total=5.1596  L_CE=1.3398  L_gen=1.2453
  Epoch 24/50  [2265/2266]  L_total=5.0179  L_CE=1.0448  L_gen=1.0594
Epoch 24/50  train=5.1744  val=5.9919  L_CE=1.3716  L_side=2.7954  L_gen=1.8248  lr=6.56e-09  (221.8s)  top1=56.09%  top5=90.41%  L_sel=1.371  lat=20.21%  lon=44.15%  area=0.314
  Epoch 25/50  [453/2266]  L_total=5.9322  L_CE=1.1325  L_gen=1.4139
  Epoch 25/50  [906/2266]  L_total=5.9982  L_CE=0.9950  L_gen=1.6844
  Epoch 25/50  [1359/2266]  L_total=5.1056  L_CE=1.0247  L_gen=1.2064
  Epoch 25/50  [1812/2266]  L_total=6.0569  L_CE=1.3725  L_gen=1.2627
  Epoch 25/50  [2265/2266]  L_total=5.4791  L_CE=1.2827  L_gen=1.3714
Epoch 25/50  train=5.1771  val=5.9918  L_CE=1.3716  L_side=2.7955  L_gen=1.8247  lr=6.56e-09  (221.7s)  top1=56.36%  top5=90.41%  L_sel=1.372  lat=20.21%  lon=44.13%  area=0.314
  Epoch 26/50  [453/2266]  L_total=5.1722  L_CE=1.2523  L_gen=1.0061
  Epoch 26/50  [906/2266]  L_total=6.4090  L_CE=1.3590  L_gen=1.3793
  Epoch 26/50  [1359/2266]  L_total=5.1503  L_CE=1.0434  L_gen=1.3468
  Epoch 26/50  [1812/2266]  L_total=5.0874  L_CE=1.3347  L_gen=0.9852
  Epoch 26/50  [2265/2266]  L_total=5.2851  L_CE=1.0144  L_gen=1.1265
Epoch 26/50  train=5.1646  val=5.9913  L_CE=1.3714  L_side=2.7958  L_gen=1.8241  lr=6.56e-09  (222.1s)  top1=56.09%  top5=90.41%  L_sel=1.371  lat=20.22%  lon=44.13%  area=0.314
  * New best (train) L_total=5.1646 → /media/skr/storage/autoresearch/CarPlanner_Implementation/checkpoints/stage_b_20260427_170532/stage_b_best_train.pt
  Epoch 27/50  [453/2266]  L_total=4.9331  L_CE=1.0573  L_gen=1.0030
  Epoch 27/50  [906/2266]  L_total=5.7758  L_CE=1.2287  L_gen=1.4310
  Epoch 27/50  [1359/2266]  L_total=4.9432  L_CE=1.1881  L_gen=1.0342
  Epoch 27/50  [1812/2266]  L_total=5.4015  L_CE=1.1147  L_gen=1.5118
  Epoch 27/50  [2265/2266]  L_total=4.4643  L_CE=0.9187  L_gen=1.1174
Epoch 27/50  train=5.1667  val=5.9923  L_CE=1.3721  L_side=2.7950  L_gen=1.8253  lr=6.56e-09  (221.8s)  top1=56.18%  top5=90.32%  L_sel=1.372  lat=20.21%  lon=44.12%  area=0.314
  Epoch 28/50  [453/2266]  L_total=4.9284  L_CE=0.9615  L_gen=1.1243
  Epoch 28/50  [906/2266]  L_total=5.1915  L_CE=1.1933  L_gen=1.1623
  Epoch 28/50  [1359/2266]  L_total=5.1565  L_CE=1.1796  L_gen=1.1292
  Epoch 28/50  [1812/2266]  L_total=4.5308  L_CE=1.0453  L_gen=1.0883
  Epoch 28/50  [2265/2266]  L_total=4.8949  L_CE=1.0770  L_gen=1.3168
Epoch 28/50  train=5.1803  val=5.9917  L_CE=1.3722  L_side=2.7952  L_gen=1.8243  lr=6.56e-09  (221.9s)  top1=56.09%  top5=90.50%  L_sel=1.372  lat=20.22%  lon=44.14%  area=0.314
  Epoch 29/50  [453/2266]  L_total=5.2057  L_CE=1.2088  L_gen=1.1817
  Epoch 29/50  [906/2266]  L_total=4.8195  L_CE=1.1954  L_gen=1.1568
  Epoch 29/50  [1359/2266]  L_total=4.6812  L_CE=1.0013  L_gen=1.0984
  Epoch 29/50  [1812/2266]  L_total=4.7521  L_CE=1.2390  L_gen=1.1886
  Epoch 29/50  [2265/2266]  L_total=5.6680  L_CE=1.1323  L_gen=1.4878
Epoch 29/50  train=5.1666  val=5.9912  L_CE=1.3717  L_side=2.7952  L_gen=1.8243  lr=6.56e-09  (221.8s)  top1=56.36%  top5=90.41%  L_sel=1.371  lat=20.20%  lon=44.19%  area=0.314
  Epoch 30/50  [453/2266]  L_total=5.1029  L_CE=1.2820  L_gen=1.2000
  Epoch 30/50  [906/2266]  L_total=5.7426  L_CE=1.3105  L_gen=1.4648
  Epoch 30/50  [1359/2266]  L_total=6.0617  L_CE=1.4324  L_gen=1.2495
  Epoch 30/50  [1812/2266]  L_total=4.5628  L_CE=1.2785  L_gen=0.9566
  Epoch 30/50  [2265/2266]  L_total=5.8053  L_CE=1.2591  L_gen=1.2740
Epoch 30/50  train=5.1808  val=5.9912  L_CE=1.3718  L_side=2.7956  L_gen=1.8239  lr=6.56e-09  (222.9s)  top1=56.36%  top5=90.41%  L_sel=1.372  lat=20.21%  lon=44.16%  area=0.314
  Epoch 31/50  [453/2266]  L_total=5.0705  L_CE=1.2577  L_gen=1.2829
  Epoch 31/50  [906/2266]  L_total=5.5733  L_CE=1.2152  L_gen=1.1698
  Epoch 31/50  [1359/2266]  L_total=5.0206  L_CE=1.0768  L_gen=1.0143
  Epoch 31/50  [1812/2266]  L_total=4.5866  L_CE=1.0148  L_gen=1.0847
  Epoch 31/50  [2265/2266]  L_total=4.2913  L_CE=0.8935  L_gen=0.8916
Epoch 31/50  train=5.1722  val=5.9924  L_CE=1.3722  L_side=2.7956  L_gen=1.8247  lr=6.56e-09  (222.4s)  top1=56.27%  top5=90.32%  L_sel=1.372  lat=20.22%  lon=44.15%  area=0.314
